// Jest Snapshot v1, https://goo.gl/fbAQLP

exports[`Snapshot Tests CdnStack matches snapshot 1`] = `
{
  "Parameters": {
    "BootstrapVersion": {
      "Default": "/cdk-bootstrap/hnb659fds/version",
      "Description": "Version of the CDK Bootstrap resources in this environment, automatically retrieved from SSM Parameter Store. [cdk:skip]",
      "Type": "AWS::SSM::Parameter::Value<String>",
    },
  },
  "Resources": {
    "AssetsBucket5CB76180": {
      "DeletionPolicy": "Retain",
      "Type": "AWS::S3::Bucket",
      "UpdateReplacePolicy": "Retain",
    },
    "WebAcl": {
      "Properties": {
        "DefaultAction": {
          "Allow": {},
        },
        "Rules": [],
        "Scope": "CLOUDFRONT",
        "VisibilityConfig": {
          "CloudWatchMetricsEnabled": true,
          "MetricName": "test",
          "SampledRequestsEnabled": true,
        },
      },
      "Type": "AWS::WAFv2::WebACL",
    },
  },
  "Rules": {
    "CheckBootstrapVersion": {
      "Assertions": [
        {
          "Assert": {
            "Fn::Not": [
              {
                "Fn::Contains": [
                  [
                    "1",
                    "2",
                    "3",
                    "4",
                    "5",
                  ],
                  {
                    "Ref": "BootstrapVersion",
                  },
                ],
              },
            ],
          },
          "AssertDescription": "CDK bootstrap stack version 6 required. Please run 'cdk bootstrap' with a recent version of the CDK CLI.",
        },
      ],
    },
  },
}
`;

exports[`Snapshot Tests CiStack matches snapshot 1`] = `
{
  "Outputs": {
    "BackendRepoUri": {
      "Description": "Backend ECR repository URI",
      "Value": {
        "Fn::Join": [
          "",
          [
            {
              "Fn::Select": [
                4,
                {
                  "Fn::Split": [
                    ":",
                    {
                      "Fn::GetAtt": [
                        "BackendRepo7FFBAD06",
                        "Arn",
                      ],
                    },
                  ],
                },
              ],
            },
            ".dkr.ecr.",
            {
              "Fn::Select": [
                3,
                {
                  "Fn::Split": [
                    ":",
                    {
                      "Fn::GetAtt": [
                        "BackendRepo7FFBAD06",
                        "Arn",
                      ],
                    },
                  ],
                },
              ],
            },
            ".",
            {
              "Ref": "AWS::URLSuffix",
            },
            "/",
            {
              "Ref": "BackendRepo7FFBAD06",
            },
          ],
        ],
      },
    },
    "CiRoleArn": {
      "Description": "GitHub Actions CI/CD IAM role ARN",
      "Value": {
        "Fn::GetAtt": [
          "GitHubActionsCiRoleA4848CA3",
          "Arn",
        ],
      },
    },
    "FrontendRepoUri": {
      "Description": "Frontend ECR repository URI",
      "Value": {
        "Fn::Join": [
          "",
          [
            {
              "Fn::Select": [
                4,
                {
                  "Fn::Split": [
                    ":",
                    {
                      "Fn::GetAtt": [
                        "FrontendRepoF80FCC01",
                        "Arn",
                      ],
                    },
                  ],
                },
              ],
            },
            ".dkr.ecr.",
            {
              "Fn::Select": [
                3,
                {
                  "Fn::Split": [
                    ":",
                    {
                      "Fn::GetAtt": [
                        "FrontendRepoF80FCC01",
                        "Arn",
                      ],
                    },
                  ],
                },
              ],
            },
            ".",
            {
              "Ref": "AWS::URLSuffix",
            },
            "/",
            {
              "Ref": "FrontendRepoF80FCC01",
            },
          ],
        ],
      },
    },
  },
  "Parameters": {
    "BootstrapVersion": {
      "Default": "/cdk-bootstrap/hnb659fds/version",
      "Description": "Version of the CDK Bootstrap resources in this environment, automatically retrieved from SSM Parameter Store. [cdk:skip]",
      "Type": "AWS::SSM::Parameter::Value<String>",
    },
  },
  "Resources": {
    "BackendRepo7FFBAD06": {
      "DeletionPolicy": "Retain",
      "Properties": {
        "ImageScanningConfiguration": {
          "ScanOnPush": true,
        },
        "LifecyclePolicy": {
          "LifecyclePolicyText": "{"rules":[{"rulePriority":1,"description":"Retain only the last 10 images","selection":{"tagStatus":"any","countType":"imageCountMoreThan","countNumber":10},"action":{"type":"expire"}}]}",
        },
        "RepositoryName": "snapshotci-backend",
      },
      "Type": "AWS::ECR::Repository",
      "UpdateReplacePolicy": "Retain",
    },
    "CustomAWSCDKOpenIdConnectProviderCustomResourceProviderHandlerF2C543E0": {
      "DependsOn": [
        "CustomAWSCDKOpenIdConnectProviderCustomResourceProviderRole517FED65",
      ],
      "Properties": {
        "Code": {
          "S3Bucket": {
            "Fn::Sub": "cdk-hnb659fds-assets-\${AWS::AccountId}-\${AWS::Region}",
          },
          "S3Key": "d75c48c9f82cde63e9bf414df335e84e8ac24f11eb34889be255b702aec71e50.zip",
        },
        "Handler": "__entrypoint__.handler",
        "MemorySize": 128,
        "Role": {
          "Fn::GetAtt": [
            "CustomAWSCDKOpenIdConnectProviderCustomResourceProviderRole517FED65",
            "Arn",
          ],
        },
        "Runtime": "nodejs22.x",
        "Timeout": 900,
      },
      "Type": "AWS::Lambda::Function",
    },
    "CustomAWSCDKOpenIdConnectProviderCustomResourceProviderRole517FED65": {
      "Properties": {
        "AssumeRolePolicyDocument": {
          "Statement": [
            {
              "Action": "sts:AssumeRole",
              "Effect": "Allow",
              "Principal": {
                "Service": "lambda.amazonaws.com",
              },
            },
          ],
          "Version": "2012-10-17",
        },
        "ManagedPolicyArns": [
          {
            "Fn::Sub": "arn:\${AWS::Partition}:iam::aws:policy/service-role/AWSLambdaBasicExecutionRole",
          },
        ],
        "Policies": [
          {
            "PolicyDocument": {
              "Statement": [
                {
                  "Action": [
                    "iam:CreateOpenIDConnectProvider",
                    "iam:DeleteOpenIDConnectProvider",
                    "iam:UpdateOpenIDConnectProviderThumbprint",
                    "iam:AddClientIDToOpenIDConnectProvider",
                    "iam:RemoveClientIDFromOpenIDConnectProvider",
                  ],
                  "Effect": "Allow",
                  "Resource": "*",
                },
              ],
              "Version": "2012-10-17",
            },
            "PolicyName": "Inline",
          },
        ],
      },
      "Type": "AWS::IAM::Role",
    },
    "FrontendRepoF80FCC01": {
      "DeletionPolicy": "Retain",
      "Properties": {
        "ImageScanningConfiguration": {
          "ScanOnPush": true,
        },
        "LifecyclePolicy": {
          "LifecyclePolicyText": "{"rules":[{"rulePriority":1,"description":"Retain only the last 10 images","selection":{"tagStatus":"any","countType":"imageCountMoreThan","countNumber":10},"action":{"type":"expire"}}]}",
        },
        "RepositoryName": "snapshotci-frontend",
      },
      "Type": "AWS::ECR::Repository",
      "UpdateReplacePolicy": "Retain",
    },
    "GitHubActionsCiRoleA4848CA3": {
      "Properties": {
        "AssumeRolePolicyDocument": {
          "Statement": [
            {
              "Action": "sts:AssumeRoleWithWebIdentity",
              "Condition": {
                "StringEquals": {
                  "token.actions.githubusercontent.com:aud": "sts.amazonaws.com",
                },
                "StringLike": {
                  "token.actions.githubusercontent.com:sub": "repo:*",
                },
              },
              "Effect": "Allow",
              "Principal": {
                "Federated": {
                  "Ref": "GitHubOidcProvider7EBF861F",
                },
              },
            },
          ],
          "Version": "2012-10-17",
        },
        "Description": "IAM role for GitHub Actions CI/CD pipeline",
        "RoleName": "SnapshotCi-github-actions-ci",
      },
      "Type": "AWS::IAM::Role",
    },
    "GitHubActionsCiRoleDefaultPolicyC5F94A69": {
      "Properties": {
        "PolicyDocument": {
          "Statement": [
            {
              "Action": [
                "ecr:PutImage",
                "ecr:InitiateLayerUpload",
                "ecr:CompleteLayerUpload",
                "ecr:UploadLayerPart",
                "ecr:BatchCheckLayerAvailability",
              ],
              "Effect": "Allow",
              "Resource": [
                {
                  "Fn::GetAtt": [
                    "BackendRepo7FFBAD06",
                    "Arn",
                  ],
                },
                {
                  "Fn::GetAtt": [
                    "FrontendRepoF80FCC01",
                    "Arn",
                  ],
                },
              ],
              "Sid": "EcrPushToRepos",
            },
            {
              "Action": "ecr:GetAuthorizationToken",
              "Effect": "Allow",
              "Resource": "*",
              "Sid": "EcrGetAuthToken",
            },
            {
              "Action": "sts:AssumeRole",
              "Effect": "Allow",
              "Resource": {
                "Fn::Join": [
                  "",
                  [
                    "arn:aws:iam::",
                    {
                      "Ref": "AWS::AccountId",
                    },
                    ":role/cdk-*",
                  ],
                ],
              },
              "Sid": "CdkDeployAssumeRole",
            },
          ],
          "Version": "2012-10-17",
        },
        "PolicyName": "GitHubActionsCiRoleDefaultPolicyC5F94A69",
        "Roles": [
          {
            "Ref": "GitHubActionsCiRoleA4848CA3",
          },
        ],
      },
      "Type": "AWS::IAM::Policy",
    },
    "GitHubOidcProvider7EBF861F": {
      "DeletionPolicy": "Delete",
      "Properties": {
        "ClientIDList": [
          "sts.amazonaws.com",
        ],
        "CodeHash": "d75c48c9f82cde63e9bf414df335e84e8ac24f11eb34889be255b702aec71e50",
        "RejectUnauthorized": false,
        "ServiceToken": {
          "Fn::GetAtt": [
            "CustomAWSCDKOpenIdConnectProviderCustomResourceProviderHandlerF2C543E0",
            "Arn",
          ],
        },
        "ThumbprintList": [
          "6938fd4d98bab03faadb97b34396831e3780aea1",
        ],
        "Url": "https://token.actions.githubusercontent.com",
      },
      "Type": "Custom::AWSCDKOpenIdConnectProvider",
      "UpdateReplacePolicy": "Delete",
    },
  },
  "Rules": {
    "CheckBootstrapVersion": {
      "Assertions": [
        {
          "Assert": {
            "Fn::Not": [
              {
                "Fn::Contains": [
                  [
                    "1",
                    "2",
                    "3",
                    "4",
                    "5",
                  ],
                  {
                    "Ref": "BootstrapVersion",
                  },
                ],
              },
            ],
          },
          "AssertDescription": "CDK bootstrap stack version 6 required. Please run 'cdk bootstrap' with a recent version of the CDK CLI.",
        },
      ],
    },
  },
}
`;

exports[`Snapshot Tests ComputeStack matches snapshot 1`] = `
{
  "Outputs": {
    "AlbArn": {
      "Description": "ALB ARN",
      "Value": {
        "Ref": "Alb16C2F182",
      },
    },
    "AlbDnsName": {
      "Description": "ALB DNS name",
      "Value": {
        "Fn::GetAtt": [
          "Alb16C2F182",
          "DNSName",
        ],
      },
    },
    "BackendServiceArn": {
      "Description": "Backend ECS service ARN",
      "Value": {
        "Ref": "BackendService7A4224EE",
      },
    },
    "FrontendServiceArn": {
      "Description": "Frontend ECS service ARN",
      "Value": {
        "Ref": "FrontendServiceBC94BA93",
      },
    },
  },
  "Parameters": {
    "BootstrapVersion": {
      "Default": "/cdk-bootstrap/hnb659fds/version",
      "Description": "Version of the CDK Bootstrap resources in this environment, automatically retrieved from SSM Parameter Store. [cdk:skip]",
      "Type": "AWS::SSM::Parameter::Value<String>",
    },
  },
  "Resources": {
    "Alb16C2F182": {
      "Properties": {
        "LoadBalancerAttributes": [
          {
            "Key": "deletion_protection.enabled",
            "Value": "false",
          },
        ],
        "Scheme": "internet-facing",
        "SecurityGroups": [
          {
            "Fn::ImportValue": "VpcStack:ExportsOutputFnGetAttAlbSg1155C1BEGroupIdF2A72E65",
          },
        ],
        "Subnets": [
          {
            "Fn::ImportValue": "VpcStack:ExportsOutputRefVpcPublicSubnet1Subnet5C2D37C4FFA2B456",
          },
          {
            "Fn::ImportValue": "VpcStack:ExportsOutputRefVpcPublicSubnet2Subnet691E08A351552740",
          },
        ],
        "Type": "application",
      },
      "Type": "AWS::ElasticLoadBalancingV2::LoadBalancer",
    },
    "AlbHttpListener00C8B33E": {
      "Properties": {
        "DefaultActions": [
          {
            "TargetGroupArn": {
              "Ref": "FrontendTargetGroupED7B3E5D",
            },
            "Type": "forward",
          },
        ],
        "LoadBalancerArn": {
          "Ref": "Alb16C2F182",
        },
        "Port": 80,
        "Protocol": "HTTP",
      },
      "Type": "AWS::ElasticLoadBalancingV2::Listener",
    },
    "AlbHttpListenerApiRouteRule19DA7546": {
      "Properties": {
        "Actions": [
          {
            "TargetGroupArn": {
              "Ref": "BackendTargetGroupECF98930",
            },
            "Type": "forward",
          },
        ],
        "Conditions": [
          {
            "Field": "path-pattern",
            "PathPatternConfig": {
              "Values": [
                "/api/*",
              ],
            },
          },
        ],
        "ListenerArn": {
          "Ref": "AlbHttpListener00C8B33E",
        },
        "Priority": 10,
      },
      "Type": "AWS::ElasticLoadBalancingV2::ListenerRule",
    },
    "BackendLogGroupDA10F1B2": {
      "DeletionPolicy": "Delete",
      "Properties": {
        "LogGroupName": "/ecs/staging/backend",
        "RetentionInDays": 30,
      },
      "Type": "AWS::Logs::LogGroup",
      "UpdateReplacePolicy": "Delete",
    },
    "BackendService7A4224EE": {
      "DependsOn": [
        "AlbHttpListenerApiRouteRule19DA7546",
        "BackendTaskRoleDefaultPolicyD82ED08E",
        "BackendTaskRole65DD5890",
      ],
      "Properties": {
        "Cluster": {
          "Ref": "EcsCluster97242B84",
        },
        "DeploymentConfiguration": {
          "Alarms": {
            "AlarmNames": [],
            "Enable": false,
            "Rollback": false,
          },
          "DeploymentCircuitBreaker": {
            "Enable": true,
            "Rollback": true,
          },
          "MaximumPercent": 200,
          "MinimumHealthyPercent": 100,
        },
        "DeploymentController": {
          "Type": "ECS",
        },
        "DesiredCount": 1,
        "EnableECSManagedTags": false,
        "HealthCheckGracePeriodSeconds": 60,
        "LaunchType": "FARGATE",
        "LoadBalancers": [
          {
            "ContainerName": "backend",
            "ContainerPort": 3000,
            "TargetGroupArn": {
              "Ref": "BackendTargetGroupECF98930",
            },
          },
        ],
        "NetworkConfiguration": {
          "AwsvpcConfiguration": {
            "AssignPublicIp": "DISABLED",
            "SecurityGroups": [
              {
                "Fn::ImportValue": "VpcStack:ExportsOutputFnGetAttEcsServiceSgBB9C5630GroupId8A244605",
              },
            ],
            "Subnets": [
              {
                "Fn::ImportValue": "VpcStack:ExportsOutputRefVpcPrivateSubnet1Subnet536B997AFD4CC940",
              },
              {
                "Fn::ImportValue": "VpcStack:ExportsOutputRefVpcPrivateSubnet2Subnet3788AAA1380949A3",
              },
            ],
          },
        },
        "ServiceName": "snapshotcompute-backend-svc",
        "TaskDefinition": {
          "Ref": "BackendTaskDef6ECE986E",
        },
      },
      "Type": "AWS::ECS::Service",
    },
    "BackendServiceTaskCountTarget0CA57D80": {
      "DependsOn": [
        "BackendTaskRoleDefaultPolicyD82ED08E",
        "BackendTaskRole65DD5890",
      ],
      "Properties": {
        "MaxCapacity": 2,
        "MinCapacity": 1,
        "ResourceId": {
          "Fn::Join": [
            "",
            [
              "service/",
              {
                "Ref": "EcsCluster97242B84",
              },
              "/",
              {
                "Fn::GetAtt": [
                  "BackendService7A4224EE",
                  "Name",
                ],
              },
            ],
          ],
        },
        "RoleARN": {
          "Fn::Join": [
            "",
            [
              "arn:",
              {
                "Ref": "AWS::Partition",
              },
              ":iam::",
              {
                "Ref": "AWS::AccountId",
              },
              ":role/aws-service-role/ecs.application-autoscaling.amazonaws.com/AWSServiceRoleForApplicationAutoScaling_ECSService",
            ],
          ],
        },
        "ScalableDimension": "ecs:service:DesiredCount",
        "ServiceNamespace": "ecs",
      },
      "Type": "AWS::ApplicationAutoScaling::ScalableTarget",
    },
    "BackendServiceTaskCountTargetBackendCpuScaling3DD11755": {
      "DependsOn": [
        "BackendTaskRoleDefaultPolicyD82ED08E",
        "BackendTaskRole65DD5890",
      ],
      "Properties": {
        "PolicyName": "SnapshotComputeBackendServiceTaskCountTargetBackendCpuScalingDA040013",
        "PolicyType": "TargetTrackingScaling",
        "ScalingTargetId": {
          "Ref": "BackendServiceTaskCountTarget0CA57D80",
        },
        "TargetTrackingScalingPolicyConfiguration": {
          "PredefinedMetricSpecification": {
            "PredefinedMetricType": "ECSServiceAverageCPUUtilization",
          },
          "ScaleInCooldown": 60,
          "ScaleOutCooldown": 60,
          "TargetValue": 70,
        },
      },
      "Type": "AWS::ApplicationAutoScaling::ScalingPolicy",
    },
    "BackendTargetGroupECF98930": {
      "Properties": {
        "HealthCheckIntervalSeconds": 30,
        "HealthCheckPath": "/api/health",
        "HealthCheckTimeoutSeconds": 5,
        "HealthyThresholdCount": 2,
        "Matcher": {
          "HttpCode": "200",
        },
        "Port": 3000,
        "Protocol": "HTTP",
        "TargetGroupAttributes": [
          {
            "Key": "deregistration_delay.timeout_seconds",
            "Value": "30",
          },
          {
            "Key": "stickiness.enabled",
            "Value": "false",
          },
        ],
        "TargetType": "ip",
        "UnhealthyThresholdCount": 3,
        "VpcId": {
          "Fn::ImportValue": "VpcStack:ExportsOutputRefVpc8378EB38272D6E3A",
        },
      },
      "Type": "AWS::ElasticLoadBalancingV2::TargetGroup",
    },
    "BackendTaskDef6ECE986E": {
      "Properties": {
        "ContainerDefinitions": [
          {
            "Environment": [
              {
                "Name": "DB_HOST",
                "Value": "test-db.cluster-abc123.us-east-1.rds.amazonaws.com",
              },
              {
                "Name": "DB_PORT",
                "Value": "5432",
              },
              {
                "Name": "DB_NAME",
                "Value": "rental_platform",
              },
              {
                "Name": "REDIS_HOST",
                "Value": "test-redis.abc123.0001.use1.cache.amazonaws.com",
              },
              {
                "Name": "REDIS_PORT",
                "Value": "6379",
              },
              {
                "Name": "S3_BUCKET_NAME",
                "Value": {
                  "Fn::ImportValue": "VpcStack:ExportsOutputRefAssetsBucket5CB761808BF2E271",
                },
              },
              {
                "Name": "S3_REGION",
                "Value": {
                  "Ref": "AWS::Region",
                },
              },
              {
                "Name": "NODE_ENV",
                "Value": "development",
              },
              {
                "Name": "PORT",
                "Value": "3000",
              },
            ],
            "Essential": true,
            "Image": "123456789012.dkr.ecr.us-east-1.amazonaws.com/backend:latest",
            "LogConfiguration": {
              "LogDriver": "awslogs",
              "Options": {
                "awslogs-group": {
                  "Ref": "BackendLogGroupDA10F1B2",
                },
                "awslogs-region": {
                  "Ref": "AWS::Region",
                },
                "awslogs-stream-prefix": "backend",
              },
            },
            "Name": "backend",
            "PortMappings": [
              {
                "ContainerPort": 3000,
                "Protocol": "tcp",
              },
            ],
            "Secrets": [
              {
                "Name": "DB_SECRET",
                "ValueFrom": {
                  "Fn::ImportValue": "VpcStack:ExportsOutputRefDbSecret685A0FA57881E1C6",
                },
              },
              {
                "Name": "JWT_SECRET",
                "ValueFrom": {
                  "Fn::ImportValue": "VpcStack:ExportsOutputRefJwtSecretB8834B392B9A9162",
                },
              },
              {
                "Name": "PII_ENCRYPTION_KEY",
                "ValueFrom": {
                  "Fn::ImportValue": "VpcStack:ExportsOutputRefPiiKeySecretFBA32A500EDB1DA9",
                },
              },
            ],
          },
        ],
        "Cpu": "512",
        "ExecutionRoleArn": {
          "Fn::GetAtt": [
            "TaskExecutionRole250D2532",
            "Arn",
          ],
        },
        "Family": "SnapshotComputeBackendTaskDef0BF91DCD",
        "Memory": "1024",
        "NetworkMode": "awsvpc",
        "RequiresCompatibilities": [
          "FARGATE",
        ],
        "RuntimePlatform": {
          "CpuArchitecture": "X86_64",
          "OperatingSystemFamily": "LINUX",
        },
        "TaskRoleArn": {
          "Fn::GetAtt": [
            "BackendTaskRole65DD5890",
            "Arn",
          ],
        },
      },
      "Type": "AWS::ECS::TaskDefinition",
    },
    "BackendTaskRole65DD5890": {
      "Properties": {
        "AssumeRolePolicyDocument": {
          "Statement": [
            {
              "Action": "sts:AssumeRole",
              "Effect": "Allow",
              "Principal": {
                "Service": "ecs-tasks.amazonaws.com",
              },
            },
          ],
          "Version": "2012-10-17",
        },
        "Description": "Task role for backend ECS service",
      },
      "Type": "AWS::IAM::Role",
    },
    "BackendTaskRoleDefaultPolicyD82ED08E": {
      "Properties": {
        "PolicyDocument": {
          "Statement": [
            {
              "Action": "secretsmanager:GetSecretValue",
              "Effect": "Allow",
              "Resource": [
                {
                  "Fn::ImportValue": "VpcStack:ExportsOutputRefDbSecret685A0FA57881E1C6",
                },
                {
                  "Fn::ImportValue": "VpcStack:ExportsOutputRefJwtSecretB8834B392B9A9162",
                },
                {
                  "Fn::ImportValue": "VpcStack:ExportsOutputRefPiiKeySecretFBA32A500EDB1DA9",
                },
              ],
              "Sid": "SecretsManagerRead",
            },
            {
              "Action": [
                "s3:PutObject",
                "s3:GetObject",
                "s3:DeleteObject",
              ],
              "Effect": "Allow",
              "Resource": {
                "Fn::Join": [
                  "",
                  [
                    {
                      "Fn::ImportValue": "VpcStack:ExportsOutputFnGetAttAssetsBucket5CB76180ArnBF60D959",
                    },
                    "/*",
                  ],
                ],
              },
              "Sid": "S3ReadWrite",
            },
            {
              "Action": [
                "logs:CreateLogStream",
                "logs:PutLogEvents",
              ],
              "Effect": "Allow",
              "Resource": "*",
              "Sid": "CloudWatchLogs",
            },
          ],
          "Version": "2012-10-17",
        },
        "PolicyName": "BackendTaskRoleDefaultPolicyD82ED08E",
        "Roles": [
          {
            "Ref": "BackendTaskRole65DD5890",
          },
        ],
      },
      "Type": "AWS::IAM::Policy",
    },
    "EcsCluster97242B84": {
      "Properties": {
        "ClusterName": "snapshotcompute-cluster",
        "ClusterSettings": [
          {
            "Name": "containerInsights",
            "Value": "disabled",
          },
        ],
      },
      "Type": "AWS::ECS::Cluster",
    },
    "FrontendLogGroupCE4F14E0": {
      "DeletionPolicy": "Delete",
      "Properties": {
        "LogGroupName": "/ecs/staging/frontend",
        "RetentionInDays": 30,
      },
      "Type": "AWS::Logs::LogGroup",
      "UpdateReplacePolicy": "Delete",
    },
    "FrontendServiceBC94BA93": {
      "DependsOn": [
        "AlbHttpListenerApiRouteRule19DA7546",
        "AlbHttpListener00C8B33E",
        "FrontendTaskRoleDefaultPolicy6686BFF4",
        "FrontendTaskRoleFDC53C6E",
      ],
      "Properties": {
        "Cluster": {
          "Ref": "EcsCluster97242B84",
        },
        "DeploymentConfiguration": {
          "Alarms": {
            "AlarmNames": [],
            "Enable": false,
            "Rollback": false,
          },
          "DeploymentCircuitBreaker": {
            "Enable": true,
            "Rollback": true,
          },
          "MaximumPercent": 200,
          "MinimumHealthyPercent": 100,
        },
        "DeploymentController": {
          "Type": "ECS",
        },
        "DesiredCount": 1,
        "EnableECSManagedTags": false,
        "HealthCheckGracePeriodSeconds": 60,
        "LaunchType": "FARGATE",
        "LoadBalancers": [
          {
            "ContainerName": "frontend",
            "ContainerPort": 3000,
            "TargetGroupArn": {
              "Ref": "FrontendTargetGroupED7B3E5D",
            },
          },
        ],
        "NetworkConfiguration": {
          "AwsvpcConfiguration": {
            "AssignPublicIp": "DISABLED",
            "SecurityGroups": [
              {
                "Fn::ImportValue": "VpcStack:ExportsOutputFnGetAttEcsServiceSgBB9C5630GroupId8A244605",
              },
            ],
            "Subnets": [
              {
                "Fn::ImportValue": "VpcStack:ExportsOutputRefVpcPrivateSubnet1Subnet536B997AFD4CC940",
              },
              {
                "Fn::ImportValue": "VpcStack:ExportsOutputRefVpcPrivateSubnet2Subnet3788AAA1380949A3",
              },
            ],
          },
        },
        "ServiceName": "snapshotcompute-frontend-svc",
        "TaskDefinition": {
          "Ref": "FrontendTaskDef7D3FD156",
        },
      },
      "Type": "AWS::ECS::Service",
    },
    "FrontendServiceTaskCountTarget125583E9": {
      "DependsOn": [
        "FrontendTaskRoleDefaultPolicy6686BFF4",
        "FrontendTaskRoleFDC53C6E",
      ],
      "Properties": {
        "MaxCapacity": 2,
        "MinCapacity": 1,
        "ResourceId": {
          "Fn::Join": [
            "",
            [
              "service/",
              {
                "Ref": "EcsCluster97242B84",
              },
              "/",
              {
                "Fn::GetAtt": [
                  "FrontendServiceBC94BA93",
                  "Name",
                ],
              },
            ],
          ],
        },
        "RoleARN": {
          "Fn::Join": [
            "",
            [
              "arn:",
              {
                "Ref": "AWS::Partition",
              },
              ":iam::",
              {
                "Ref": "AWS::AccountId",
              },
              ":role/aws-service-role/ecs.application-autoscaling.amazonaws.com/AWSServiceRoleForApplicationAutoScaling_ECSService",
            ],
          ],
        },
        "ScalableDimension": "ecs:service:DesiredCount",
        "ServiceNamespace": "ecs",
      },
      "Type": "AWS::ApplicationAutoScaling::ScalableTarget",
    },
    "FrontendServiceTaskCountTargetFrontendCpuScalingC68B756E": {
      "DependsOn": [
        "FrontendTaskRoleDefaultPolicy6686BFF4",
        "FrontendTaskRoleFDC53C6E",
      ],
      "Properties": {
        "PolicyName": "SnapshotComputeFrontendServiceTaskCountTargetFrontendCpuScaling2BBE05BD",
        "PolicyType": "TargetTrackingScaling",
        "ScalingTargetId": {
          "Ref": "FrontendServiceTaskCountTarget125583E9",
        },
        "TargetTrackingScalingPolicyConfiguration": {
          "PredefinedMetricSpecification": {
            "PredefinedMetricType": "ECSServiceAverageCPUUtilization",
          },
          "ScaleInCooldown": 60,
          "ScaleOutCooldown": 60,
          "TargetValue": 70,
        },
      },
      "Type": "AWS::ApplicationAutoScaling::ScalingPolicy",
    },
    "FrontendTargetGroupED7B3E5D": {
      "Properties": {
        "HealthCheckIntervalSeconds": 30,
        "HealthCheckPath": "/",
        "HealthCheckTimeoutSeconds": 5,
        "HealthyThresholdCount": 2,
        "Matcher": {
          "HttpCode": "200",
        },
        "Port": 3000,
        "Protocol": "HTTP",
        "TargetGroupAttributes": [
          {
            "Key": "deregistration_delay.timeout_seconds",
            "Value": "30",
          },
          {
            "Key": "stickiness.enabled",
            "Value": "false",
          },
        ],
        "TargetType": "ip",
        "UnhealthyThresholdCount": 3,
        "VpcId": {
          "Fn::ImportValue": "VpcStack:ExportsOutputRefVpc8378EB38272D6E3A",
        },
      },
      "Type": "AWS::ElasticLoadBalancingV2::TargetGroup",
    },
    "FrontendTaskDef7D3FD156": {
      "Properties": {
        "ContainerDefinitions": [
          {
            "Environment": [
              {
                "Name": "NEXT_PUBLIC_API_URL",
                "Value": {
                  "Fn::Join": [
                    "",
                    [
                      "http://",
                      {
                        "Fn::GetAtt": [
                          "Alb16C2F182",
                          "DNSName",
                        ],
                      },
                    ],
                  ],
                },
              },
              {
                "Name": "NODE_ENV",
                "Value": "development",
              },
              {
                "Name": "PORT",
                "Value": "3000",
              },
            ],
            "Essential": true,
            "Image": "123456789012.dkr.ecr.us-east-1.amazonaws.com/frontend:latest",
            "LogConfiguration": {
              "LogDriver": "awslogs",
              "Options": {
                "awslogs-group": {
                  "Ref": "FrontendLogGroupCE4F14E0",
                },
                "awslogs-region": {
                  "Ref": "AWS::Region",
                },
                "awslogs-stream-prefix": "frontend",
              },
            },
            "Name": "frontend",
            "PortMappings": [
              {
                "ContainerPort": 3000,
                "Protocol": "tcp",
              },
            ],
          },
        ],
        "Cpu": "256",
        "ExecutionRoleArn": {
          "Fn::GetAtt": [
            "TaskExecutionRole250D2532",
            "Arn",
          ],
        },
        "Family": "SnapshotComputeFrontendTaskDef7B264A29",
        "Memory": "512",
        "NetworkMode": "awsvpc",
        "RequiresCompatibilities": [
          "FARGATE",
        ],
        "RuntimePlatform": {
          "CpuArchitecture": "X86_64",
          "OperatingSystemFamily": "LINUX",
        },
        "TaskRoleArn": {
          "Fn::GetAtt": [
            "FrontendTaskRoleFDC53C6E",
            "Arn",
          ],
        },
      },
      "Type": "AWS::ECS::TaskDefinition",
    },
    "FrontendTaskRoleDefaultPolicy6686BFF4": {
      "Properties": {
        "PolicyDocument": {
          "Statement": [
            {
              "Action": [
                "logs:CreateLogStream",
                "logs:PutLogEvents",
              ],
              "Effect": "Allow",
              "Resource": "*",
              "Sid": "CloudWatchLogs",
            },
          ],
          "Version": "2012-10-17",
        },
        "PolicyName": "FrontendTaskRoleDefaultPolicy6686BFF4",
        "Roles": [
          {
            "Ref": "FrontendTaskRoleFDC53C6E",
          },
        ],
      },
      "Type": "AWS::IAM::Policy",
    },
    "FrontendTaskRoleFDC53C6E": {
      "Properties": {
        "AssumeRolePolicyDocument": {
          "Statement": [
            {
              "Action": "sts:AssumeRole",
              "Effect": "Allow",
              "Principal": {
                "Service": "ecs-tasks.amazonaws.com",
              },
            },
          ],
          "Version": "2012-10-17",
        },
        "Description": "Task role for frontend ECS service",
      },
      "Type": "AWS::IAM::Role",
    },
    "TaskExecutionRole250D2532": {
      "Properties": {
        "AssumeRolePolicyDocument": {
          "Statement": [
            {
              "Action": "sts:AssumeRole",
              "Effect": "Allow",
              "Principal": {
                "Service": "ecs-tasks.amazonaws.com",
              },
            },
          ],
          "Version": "2012-10-17",
        },
        "Description": "ECS task execution role for pulling images and injecting secrets",
      },
      "Type": "AWS::IAM::Role",
    },
    "TaskExecutionRoleDefaultPolicyA84DD1B0": {
      "Properties": {
        "PolicyDocument": {
          "Statement": [
            {
              "Action": [
                "ecr:GetDownloadUrlForLayer",
                "ecr:BatchGetImage",
                "ecr:GetAuthorizationToken",
              ],
              "Effect": "Allow",
              "Resource": "*",
              "Sid": "EcrPull",
            },
            {
              "Action": "secretsmanager:GetSecretValue",
              "Effect": "Allow",
              "Resource": [
                {
                  "Fn::ImportValue": "VpcStack:ExportsOutputRefDbSecret685A0FA57881E1C6",
                },
                {
                  "Fn::ImportValue": "VpcStack:ExportsOutputRefJwtSecretB8834B392B9A9162",
                },
                {
                  "Fn::ImportValue": "VpcStack:ExportsOutputRefPiiKeySecretFBA32A500EDB1DA9",
                },
              ],
              "Sid": "SecretsManagerRead",
            },
            {
              "Action": [
                "logs:CreateLogGroup",
                "logs:CreateLogStream",
                "logs:PutLogEvents",
              ],
              "Effect": "Allow",
              "Resource": "*",
              "Sid": "CloudWatchLogs",
            },
            {
              "Action": [
                "logs:CreateLogStream",
                "logs:PutLogEvents",
              ],
              "Effect": "Allow",
              "Resource": {
                "Fn::GetAtt": [
                  "BackendLogGroupDA10F1B2",
                  "Arn",
                ],
              },
            },
            {
              "Action": [
                "secretsmanager:GetSecretValue",
                "secretsmanager:DescribeSecret",
              ],
              "Effect": "Allow",
              "Resource": {
                "Fn::ImportValue": "VpcStack:ExportsOutputRefDbSecret685A0FA57881E1C6",
              },
            },
            {
              "Action": [
                "secretsmanager:GetSecretValue",
                "secretsmanager:DescribeSecret",
              ],
              "Effect": "Allow",
              "Resource": {
                "Fn::ImportValue": "VpcStack:ExportsOutputRefJwtSecretB8834B392B9A9162",
              },
            },
            {
              "Action": [
                "secretsmanager:GetSecretValue",
                "secretsmanager:DescribeSecret",
              ],
              "Effect": "Allow",
              "Resource": {
                "Fn::ImportValue": "VpcStack:ExportsOutputRefPiiKeySecretFBA32A500EDB1DA9",
              },
            },
            {
              "Action": [
                "logs:CreateLogStream",
                "logs:PutLogEvents",
              ],
              "Effect": "Allow",
              "Resource": {
                "Fn::GetAtt": [
                  "FrontendLogGroupCE4F14E0",
                  "Arn",
                ],
              },
            },
          ],
          "Version": "2012-10-17",
        },
        "PolicyName": "TaskExecutionRoleDefaultPolicyA84DD1B0",
        "Roles": [
          {
            "Ref": "TaskExecutionRole250D2532",
          },
        ],
      },
      "Type": "AWS::IAM::Policy",
    },
  },
  "Rules": {
    "CheckBootstrapVersion": {
      "Assertions": [
        {
          "Assert": {
            "Fn::Not": [
              {
                "Fn::Contains": [
                  [
                    "1",
                    "2",
                    "3",
                    "4",
                    "5",
                  ],
                  {
                    "Ref": "BootstrapVersion",
                  },
                ],
              },
            ],
          },
          "AssertDescription": "CDK bootstrap stack version 6 required. Please run 'cdk bootstrap' with a recent version of the CDK CLI.",
        },
      ],
    },
  },
}
`;

exports[`Snapshot Tests DataStack matches snapshot 1`] = `
{
  "Parameters": {
    "BootstrapVersion": {
      "Default": "/cdk-bootstrap/hnb659fds/version",
      "Description": "Version of the CDK Bootstrap resources in this environment, automatically retrieved from SSM Parameter Store. [cdk:skip]",
      "Type": "AWS::SSM::Parameter::Value<String>",
    },
  },
  "Resources": {
    "AssetsBucket5CB76180": {
      "DeletionPolicy": "Delete",
      "Properties": {
        "BucketEncryption": {
          "ServerSideEncryptionConfiguration": [
            {
              "ServerSideEncryptionByDefault": {
                "SSEAlgorithm": "AES256",
              },
            },
          ],
        },
        "CorsConfiguration": {
          "CorsRules": [
            {
              "AllowedHeaders": [
                "*",
              ],
              "AllowedMethods": [
                "GET",
                "PUT",
                "POST",
                "DELETE",
              ],
              "AllowedOrigins": [
                "*",
              ],
              "MaxAge": 3600,
            },
          ],
        },
        "LifecycleConfiguration": {
          "Rules": [
            {
              "Id": "IntelligentTiering",
              "Status": "Enabled",
              "Transitions": [
                {
                  "StorageClass": "INTELLIGENT_TIERING",
                  "TransitionInDays": 30,
                },
              ],
            },
          ],
        },
        "PublicAccessBlockConfiguration": {
          "BlockPublicAcls": true,
          "BlockPublicPolicy": true,
          "IgnorePublicAcls": true,
          "RestrictPublicBuckets": true,
        },
        "Tags": [
          {
            "Key": "aws-cdk:auto-delete-objects",
            "Value": "true",
          },
        ],
        "VersioningConfiguration": {
          "Status": "Enabled",
        },
      },
      "Type": "AWS::S3::Bucket",
      "UpdateReplacePolicy": "Delete",
    },
    "AssetsBucketAutoDeleteObjectsCustomResource51BA1286": {
      "DeletionPolicy": "Delete",
      "DependsOn": [
        "AssetsBucketPolicyFFACF6C4",
      ],
      "Properties": {
        "BucketName": {
          "Ref": "AssetsBucket5CB76180",
        },
        "ServiceToken": {
          "Fn::GetAtt": [
            "CustomS3AutoDeleteObjectsCustomResourceProviderHandler9D90184F",
            "Arn",
          ],
        },
      },
      "Type": "Custom::S3AutoDeleteObjects",
      "UpdateReplacePolicy": "Delete",
    },
    "AssetsBucketPolicyFFACF6C4": {
      "Properties": {
        "Bucket": {
          "Ref": "AssetsBucket5CB76180",
        },
        "PolicyDocument": {
          "Statement": [
            {
              "Action": [
                "s3:PutBucketPolicy",
                "s3:GetBucket*",
                "s3:List*",
                "s3:DeleteObject*",
              ],
              "Effect": "Allow",
              "Principal": {
                "AWS": {
                  "Fn::GetAtt": [
                    "CustomS3AutoDeleteObjectsCustomResourceProviderRole3B1BD092",
                    "Arn",
                  ],
                },
              },
              "Resource": [
                {
                  "Fn::GetAtt": [
                    "AssetsBucket5CB76180",
                    "Arn",
                  ],
                },
                {
                  "Fn::Join": [
                    "",
                    [
                      {
                        "Fn::GetAtt": [
                          "AssetsBucket5CB76180",
                          "Arn",
                        ],
                      },
                      "/*",
                    ],
                  ],
                },
              ],
            },
          ],
          "Version": "2012-10-17",
        },
      },
      "Type": "AWS::S3::BucketPolicy",
    },
    "CustomS3AutoDeleteObjectsCustomResourceProviderHandler9D90184F": {
      "DependsOn": [
        "CustomS3AutoDeleteObjectsCustomResourceProviderRole3B1BD092",
      ],
      "Properties": {
        "Code": {
          "S3Bucket": {
            "Fn::Sub": "cdk-hnb659fds-assets-\${AWS::AccountId}-\${AWS::Region}",
          },
          "S3Key": "faa95a81ae7d7373f3e1f242268f904eb748d8d0fdd306e8a6fe515a1905a7d6.zip",
        },
        "Description": {
          "Fn::Join": [
            "",
            [
              "Lambda function for auto-deleting objects in ",
              {
                "Ref": "AssetsBucket5CB76180",
              },
              " S3 bucket.",
            ],
          ],
        },
        "Handler": "index.handler",
        "MemorySize": 128,
        "Role": {
          "Fn::GetAtt": [
            "CustomS3AutoDeleteObjectsCustomResourceProviderRole3B1BD092",
            "Arn",
          ],
        },
        "Runtime": "nodejs22.x",
        "Timeout": 900,
      },
      "Type": "AWS::Lambda::Function",
    },
    "CustomS3AutoDeleteObjectsCustomResourceProviderRole3B1BD092": {
      "Properties": {
        "AssumeRolePolicyDocument": {
          "Statement": [
            {
              "Action": "sts:AssumeRole",
              "Effect": "Allow",
              "Principal": {
                "Service": "lambda.amazonaws.com",
              },
            },
          ],
          "Version": "2012-10-17",
        },
        "ManagedPolicyArns": [
          {
            "Fn::Sub": "arn:\${AWS::Partition}:iam::aws:policy/service-role/AWSLambdaBasicExecutionRole",
          },
        ],
      },
      "Type": "AWS::IAM::Role",
    },
    "DatabaseB269D8BB": {
      "DeletionPolicy": "Delete",
      "Properties": {
        "AllocatedStorage": "20",
        "BackupRetentionPeriod": 7,
        "CopyTagsToSnapshot": true,
        "DBInstanceClass": "db.t3.micro",
        "DBName": "rental_platform",
        "DBSubnetGroupName": {
          "Ref": "DbSubnetGroup",
        },
        "DeletionProtection": false,
        "Engine": "postgres",
        "EngineVersion": "16",
        "MasterUserPassword": {
          "Fn::Join": [
            "",
            [
              "{{resolve:secretsmanager:",
              {
                "Ref": "DbSecret685A0FA5",
              },
              ":SecretString:password::}}",
            ],
          ],
        },
        "MasterUsername": {
          "Fn::Join": [
            "",
            [
              "{{resolve:secretsmanager:",
              {
                "Ref": "DbSecret685A0FA5",
              },
              ":SecretString:username::}}",
            ],
          ],
        },
        "MaxAllocatedStorage": 40,
        "MultiAZ": false,
        "StorageEncrypted": true,
        "StorageType": "gp2",
        "VPCSecurityGroups": [
          {
            "Fn::ImportValue": "SnapshotNetwork:ExportsOutputFnGetAttDataSecurityGroup80B4589AGroupIdD7A181B0",
          },
        ],
      },
      "Type": "AWS::RDS::DBInstance",
      "UpdateReplacePolicy": "Delete",
    },
    "DbSecret685A0FA5": {
      "DeletionPolicy": "Delete",
      "Properties": {
        "Description": "Database credentials for RDS PostgreSQL",
        "GenerateSecretString": {
          "ExcludePunctuation": true,
          "GenerateStringKey": "password",
          "PasswordLength": 32,
          "SecretStringTemplate": "{"username":"app_user"}",
        },
      },
      "Type": "AWS::SecretsManager::Secret",
      "UpdateReplacePolicy": "Delete",
    },
    "DbSecretAttachment0609CE05": {
      "Properties": {
        "SecretId": {
          "Ref": "DbSecret685A0FA5",
        },
        "TargetId": {
          "Ref": "DatabaseB269D8BB",
        },
        "TargetType": "AWS::RDS::DBInstance",
      },
      "Type": "AWS::SecretsManager::SecretTargetAttachment",
    },
    "DbSubnetGroup": {
      "Properties": {
        "DBSubnetGroupDescription": "Subnet group for RDS instance in isolated subnets",
        "SubnetIds": [
          {
            "Fn::ImportValue": "SnapshotNetwork:ExportsOutputRefVpcDataSubnet1Subnet8E3CA4EDBB6D2B2E",
          },
          {
            "Fn::ImportValue": "SnapshotNetwork:ExportsOutputRefVpcDataSubnet2Subnet25D1B0F65BC21239",
          },
        ],
      },
      "Type": "AWS::RDS::DBSubnetGroup",
    },
    "JwtSecretB8834B39": {
      "DeletionPolicy": "Delete",
      "Properties": {
        "Description": "JWT signing secret for authentication",
        "GenerateSecretString": {
          "ExcludePunctuation": true,
          "PasswordLength": 64,
        },
      },
      "Type": "AWS::SecretsManager::Secret",
      "UpdateReplacePolicy": "Delete",
    },
    "PiiEncryptionKey5C1DDEBC": {
      "DeletionPolicy": "Delete",
      "Properties": {
        "Description": "AES-256-CBC key for PII field encryption",
        "GenerateSecretString": {
          "ExcludePunctuation": true,
          "PasswordLength": 32,
        },
      },
      "Type": "AWS::SecretsManager::Secret",
      "UpdateReplacePolicy": "Delete",
    },
    "RedisCluster": {
      "DependsOn": [
        "RedisSubnetGroup",
      ],
      "Properties": {
        "AtRestEncryptionEnabled": true,
        "AutomaticFailoverEnabled": false,
        "CacheNodeType": "cache.t3.micro",
        "CacheSubnetGroupName": "snapshotdata-redis-subnets",
        "Engine": "redis",
        "EngineVersion": "7.1",
        "NumCacheClusters": 1,
        "Port": 6379,
        "ReplicationGroupDescription": "ElastiCache Redis 7 cluster for application caching",
        "SecurityGroupIds": [
          {
            "Fn::ImportValue": "SnapshotNetwork:ExportsOutputFnGetAttDataSecurityGroup80B4589AGroupIdD7A181B0",
          },
        ],
        "TransitEncryptionEnabled": true,
      },
      "Type": "AWS::ElastiCache::ReplicationGroup",
    },
    "RedisSubnetGroup": {
      "Properties": {
        "CacheSubnetGroupName": "snapshotdata-redis-subnets",
        "Description": "Subnet group for ElastiCache Redis in data subnets",
        "SubnetIds": [
          {
            "Fn::ImportValue": "SnapshotNetwork:ExportsOutputRefVpcDataSubnet1Subnet8E3CA4EDBB6D2B2E",
          },
          {
            "Fn::ImportValue": "SnapshotNetwork:ExportsOutputRefVpcDataSubnet2Subnet25D1B0F65BC21239",
          },
        ],
      },
      "Type": "AWS::ElastiCache::SubnetGroup",
    },
  },
  "Rules": {
    "CheckBootstrapVersion": {
      "Assertions": [
        {
          "Assert": {
            "Fn::Not": [
              {
                "Fn::Contains": [
                  [
                    "1",
                    "2",
                    "3",
                    "4",
                    "5",
                  ],
                  {
                    "Ref": "BootstrapVersion",
                  },
                ],
              },
            ],
          },
          "AssertDescription": "CDK bootstrap stack version 6 required. Please run 'cdk bootstrap' with a recent version of the CDK CLI.",
        },
      ],
    },
  },
}
`;

exports[`Snapshot Tests MonitoringStack matches snapshot 1`] = `
{
  "Conditions": {
    "HasAlarmEmail": {
      "Fn::Not": [
        {
          "Fn::Equals": [
            {
              "Ref": "AlarmEmail",
            },
            "",
          ],
        },
      ],
    },
  },
  "Outputs": {
    "AlarmTopicArn": {
      "Description": "SNS topic ARN for alarm notifications",
      "Value": {
        "Ref": "AlarmNotificationTopic58BFACC9",
      },
    },
    "DashboardUrl": {
      "Description": "CloudWatch dashboard URL",
      "Value": {
        "Fn::Join": [
          "",
          [
            "https://",
            {
              "Ref": "AWS::Region",
            },
            ".console.aws.amazon.com/cloudwatch/home?region=",
            {
              "Ref": "AWS::Region",
            },
            "#dashboards:name=SnapshotMonitoring-dashboard",
          ],
        ],
      },
    },
  },
  "Parameters": {
    "AlarmEmail": {
      "Default": "",
      "Description": "Email address to receive alarm notifications. Leave empty to skip subscription.",
      "Type": "String",
    },
    "BootstrapVersion": {
      "Default": "/cdk-bootstrap/hnb659fds/version",
      "Description": "Version of the CDK Bootstrap resources in this environment, automatically retrieved from SSM Parameter Store. [cdk:skip]",
      "Type": "AWS::SSM::Parameter::Value<String>",
    },
  },
  "Resources": {
    "AlarmEmailSubscription": {
      "Condition": "HasAlarmEmail",
      "Properties": {
        "Endpoint": {
          "Ref": "AlarmEmail",
        },
        "Protocol": "email",
        "TopicArn": {
          "Ref": "AlarmNotificationTopic58BFACC9",
        },
      },
      "Type": "AWS::SNS::Subscription",
    },
    "AlarmNotificationTopic58BFACC9": {
      "Properties": {
        "DisplayName": "staging Infrastructure Alarms",
        "TopicName": "SnapshotMonitoring-alarm-notifications",
      },
      "Type": "AWS::SNS::Topic",
    },
    "ApiLatencyAlarm453002C0": {
      "Properties": {
        "AlarmActions": [
          {
            "Ref": "AlarmNotificationTopic58BFACC9",
          },
        ],
        "AlarmDescription": "ALB target response time (p95) exceeds 800ms threshold",
        "AlarmName": "SnapshotMonitoring-api-latency-p95",
        "ComparisonOperator": "GreaterThanThreshold",
        "Dimensions": [
          {
            "Name": "LoadBalancer",
            "Value": "app/test-alb/abc123",
          },
          {
            "Name": "TargetGroup",
            "Value": "targetgroup/backend-tg/def456",
          },
        ],
        "EvaluationPeriods": 3,
        "ExtendedStatistic": "p95",
        "MetricName": "TargetResponseTime",
        "Namespace": "AWS/ApplicationELB",
        "Period": 300,
        "Threshold": 0.8,
        "TreatMissingData": "notBreaching",
      },
      "Type": "AWS::CloudWatch::Alarm",
    },
    "BackendLogGroupDA10F1B2": {
      "DeletionPolicy": "Delete",
      "Properties": {
        "LogGroupName": "/ecs/staging/monitoring/backend",
        "RetentionInDays": 30,
      },
      "Type": "AWS::Logs::LogGroup",
      "UpdateReplacePolicy": "Delete",
    },
    "ErrorRateAlarm1E0D8C38": {
      "Properties": {
        "AlarmActions": [
          {
            "Ref": "AlarmNotificationTopic58BFACC9",
          },
        ],
        "AlarmDescription": "5xx error rate exceeds 1% threshold",
        "AlarmName": "SnapshotMonitoring-5xx-error-rate",
        "ComparisonOperator": "GreaterThanThreshold",
        "EvaluationPeriods": 3,
        "Metrics": [
          {
            "Expression": "(errors / requests) * 100",
            "Id": "expr_1",
            "ReturnData": true,
          },
          {
            "Id": "errors",
            "MetricStat": {
              "Metric": {
                "Dimensions": [
                  {
                    "Name": "LoadBalancer",
                    "Value": "app/test-alb/abc123",
                  },
                  {
                    "Name": "TargetGroup",
                    "Value": "targetgroup/backend-tg/def456",
                  },
                ],
                "MetricName": "HTTPCode_Target_5XX_Count",
                "Namespace": "AWS/ApplicationELB",
              },
              "Period": 300,
              "Stat": "Sum",
            },
            "ReturnData": false,
          },
          {
            "Id": "requests",
            "MetricStat": {
              "Metric": {
                "Dimensions": [
                  {
                    "Name": "LoadBalancer",
                    "Value": "app/test-alb/abc123",
                  },
                  {
                    "Name": "TargetGroup",
                    "Value": "targetgroup/backend-tg/def456",
                  },
                ],
                "MetricName": "RequestCount",
                "Namespace": "AWS/ApplicationELB",
              },
              "Period": 300,
              "Stat": "Sum",
            },
            "ReturnData": false,
          },
        ],
        "Threshold": 1,
        "TreatMissingData": "notBreaching",
      },
      "Type": "AWS::CloudWatch::Alarm",
    },
    "FrontendLogGroupCE4F14E0": {
      "DeletionPolicy": "Delete",
      "Properties": {
        "LogGroupName": "/ecs/staging/monitoring/frontend",
        "RetentionInDays": 30,
      },
      "Type": "AWS::Logs::LogGroup",
      "UpdateReplacePolicy": "Delete",
    },
    "MonitoringDashboard96464763": {
      "Properties": {
        "DashboardBody": {
          "Fn::Join": [
            "",
            [
              "{"widgets":[{"type":"metric","width":12,"height":6,"x":0,"y":0,"properties":{"view":"timeSeries","title":"ALB Request Count","region":"",
              {
                "Ref": "AWS::Region",
              },
              "","metrics":[["AWS/ApplicationELB","RequestCount","LoadBalancer","app/test-alb/abc123",{"label":"Total Requests","period":60,"stat":"Sum"}]],"yAxis":{}}},{"type":"metric","width":12,"height":6,"x":12,"y":0,"properties":{"view":"timeSeries","title":"HTTP Error Codes","region":"",
              {
                "Ref": "AWS::Region",
              },
              "","metrics":[["AWS/ApplicationELB","HTTPCode_Target_4XX_Count","LoadBalancer","app/test-alb/abc123",{"label":"4xx Errors","period":60,"stat":"Sum"}],["AWS/ApplicationELB","HTTPCode_Target_5XX_Count","LoadBalancer","app/test-alb/abc123",{"label":"5xx Errors","period":60,"stat":"Sum"}]],"yAxis":{}}},{"type":"metric","width":12,"height":6,"x":0,"y":6,"properties":{"view":"timeSeries","title":"Target Response Time","region":"",
              {
                "Ref": "AWS::Region",
              },
              "","metrics":[["AWS/ApplicationELB","TargetResponseTime","LoadBalancer","app/test-alb/abc123",{"label":"p50","period":60,"stat":"p50"}],["AWS/ApplicationELB","TargetResponseTime","LoadBalancer","app/test-alb/abc123",{"label":"p95","period":60,"stat":"p95"}],["AWS/ApplicationELB","TargetResponseTime","LoadBalancer","app/test-alb/abc123",{"label":"p99","period":60,"stat":"p99"}]],"yAxis":{}}},{"type":"metric","width":12,"height":6,"x":12,"y":6,"properties":{"view":"timeSeries","title":"ECS CPU Utilization","region":"",
              {
                "Ref": "AWS::Region",
              },
              "","metrics":[["AWS/ECS","CPUUtilization","ClusterName","test-cluster","ServiceName","test-backend-svc",{"label":"Backend CPU %","period":60}],["AWS/ECS","CPUUtilization","ClusterName","test-cluster","ServiceName","test-frontend-svc",{"label":"Frontend CPU %","period":60}]],"yAxis":{}}},{"type":"metric","width":12,"height":6,"x":0,"y":12,"properties":{"view":"timeSeries","title":"ECS Memory Utilization","region":"",
              {
                "Ref": "AWS::Region",
              },
              "","metrics":[["AWS/ECS","MemoryUtilization","ClusterName","test-cluster","ServiceName","test-backend-svc",{"label":"Backend Memory %","period":60}],["AWS/ECS","MemoryUtilization","ClusterName","test-cluster","ServiceName","test-frontend-svc",{"label":"Frontend Memory %","period":60}]],"yAxis":{}}},{"type":"metric","width":12,"height":6,"x":12,"y":12,"properties":{"view":"timeSeries","title":"DB Connections","region":"",
              {
                "Ref": "AWS::Region",
              },
              "","metrics":[["AWS/RDS","DatabaseConnections","DBInstanceIdentifier","",
              {
                "Fn::ImportValue": "DepStack:ExportsOutputRefDatabaseB269D8BB88F4B1C4",
              },
              "",{"label":"Active Connections","period":60}]],"yAxis":{}}}]}",
            ],
          ],
        },
        "DashboardName": "SnapshotMonitoring-dashboard",
      },
      "Type": "AWS::CloudWatch::Dashboard",
    },
    "RdsCpuAlarm29EF1690": {
      "Properties": {
        "AlarmActions": [
          {
            "Ref": "AlarmNotificationTopic58BFACC9",
          },
        ],
        "AlarmDescription": "RDS CPU utilization exceeds 80% threshold",
        "AlarmName": "SnapshotMonitoring-rds-cpu-utilization",
        "ComparisonOperator": "GreaterThanThreshold",
        "Dimensions": [
          {
            "Name": "DBInstanceIdentifier",
            "Value": {
              "Fn::ImportValue": "DepStack:ExportsOutputRefDatabaseB269D8BB88F4B1C4",
            },
          },
        ],
        "EvaluationPeriods": 3,
        "MetricName": "CPUUtilization",
        "Namespace": "AWS/RDS",
        "Period": 300,
        "Statistic": "Average",
        "Threshold": 80,
        "TreatMissingData": "missing",
      },
      "Type": "AWS::CloudWatch::Alarm",
    },
    "RdsFreeStorageAlarm0E00E3B8": {
      "Properties": {
        "AlarmActions": [
          {
            "Ref": "AlarmNotificationTopic58BFACC9",
          },
        ],
        "AlarmDescription": "RDS free storage space is below 20% of allocated storage",
        "AlarmName": "SnapshotMonitoring-rds-free-storage",
        "ComparisonOperator": "LessThanThreshold",
        "Dimensions": [
          {
            "Name": "DBInstanceIdentifier",
            "Value": {
              "Fn::ImportValue": "DepStack:ExportsOutputRefDatabaseB269D8BB88F4B1C4",
            },
          },
        ],
        "EvaluationPeriods": 3,
        "MetricName": "FreeStorageSpace",
        "Namespace": "AWS/RDS",
        "Period": 300,
        "Statistic": "Average",
        "Threshold": 4294967296,
        "TreatMissingData": "missing",
      },
      "Type": "AWS::CloudWatch::Alarm",
    },
  },
  "Rules": {
    "CheckBootstrapVersion": {
      "Assertions": [
        {
          "Assert": {
            "Fn::Not": [
              {
                "Fn::Contains": [
                  [
                    "1",
                    "2",
                    "3",
                    "4",
                    "5",
                  ],
                  {
                    "Ref": "BootstrapVersion",
                  },
                ],
              },
            ],
          },
          "AssertDescription": "CDK bootstrap stack version 6 required. Please run 'cdk bootstrap' with a recent version of the CDK CLI.",
        },
      ],
    },
  },
}
`;

exports[`Snapshot Tests NetworkStack matches snapshot 1`] = `
{
  "Parameters": {
    "BootstrapVersion": {
      "Default": "/cdk-bootstrap/hnb659fds/version",
      "Description": "Version of the CDK Bootstrap resources in this environment, automatically retrieved from SSM Parameter Store. [cdk:skip]",
      "Type": "AWS::SSM::Parameter::Value<String>",
    },
  },
  "Resources": {
    "AlbSecurityGroup86A59E99": {
      "Properties": {
        "GroupDescription": "Security group for Application Load Balancer",
        "SecurityGroupIngress": [
          {
            "CidrIp": "0.0.0.0/0",
            "Description": "Allow inbound HTTP from internet",
            "FromPort": 80,
            "IpProtocol": "tcp",
            "ToPort": 80,
          },
          {
            "CidrIp": "0.0.0.0/0",
            "Description": "Allow inbound HTTPS from internet",
            "FromPort": 443,
            "IpProtocol": "tcp",
            "ToPort": 443,
          },
        ],
        "VpcId": {
          "Ref": "Vpc8378EB38",
        },
      },
      "Type": "AWS::EC2::SecurityGroup",
    },
    "AlbSecurityGrouptoSnapshotNetworkEcsServiceSecurityGroup27E56E793000D8118114": {
      "Properties": {
        "Description": "Allow outbound to ECS service SG on application port",
        "DestinationSecurityGroupId": {
          "Fn::GetAtt": [
            "EcsServiceSecurityGroupCD98B82C",
            "GroupId",
          ],
        },
        "FromPort": 3000,
        "GroupId": {
          "Fn::GetAtt": [
            "AlbSecurityGroup86A59E99",
            "GroupId",
          ],
        },
        "IpProtocol": "tcp",
        "ToPort": 3000,
      },
      "Type": "AWS::EC2::SecurityGroupEgress",
    },
    "DataSecurityGroup80B4589A": {
      "Properties": {
        "GroupDescription": "Security group for data stores (RDS, Redis)",
        "SecurityGroupEgress": [
          {
            "CidrIp": "255.255.255.255/32",
            "Description": "Disallow all traffic",
            "FromPort": 252,
            "IpProtocol": "icmp",
            "ToPort": 86,
          },
        ],
        "VpcId": {
          "Ref": "Vpc8378EB38",
        },
      },
      "Type": "AWS::EC2::SecurityGroup",
    },
    "DataSecurityGroupfromSnapshotNetworkEcsServiceSecurityGroup27E56E79543202C63BF2": {
      "Properties": {
        "Description": "Allow inbound from ECS Service SG on PostgreSQL port",
        "FromPort": 5432,
        "GroupId": {
          "Fn::GetAtt": [
            "DataSecurityGroup80B4589A",
            "GroupId",
          ],
        },
        "IpProtocol": "tcp",
        "SourceSecurityGroupId": {
          "Fn::GetAtt": [
            "EcsServiceSecurityGroupCD98B82C",
            "GroupId",
          ],
        },
        "ToPort": 5432,
      },
      "Type": "AWS::EC2::SecurityGroupIngress",
    },
    "DataSecurityGroupfromSnapshotNetworkEcsServiceSecurityGroup27E56E796379E27232C2": {
      "Properties": {
        "Description": "Allow inbound from ECS Service SG on Redis port",
        "FromPort": 6379,
        "GroupId": {
          "Fn::GetAtt": [
            "DataSecurityGroup80B4589A",
            "GroupId",
          ],
        },
        "IpProtocol": "tcp",
        "SourceSecurityGroupId": {
          "Fn::GetAtt": [
            "EcsServiceSecurityGroupCD98B82C",
            "GroupId",
          ],
        },
        "ToPort": 6379,
      },
      "Type": "AWS::EC2::SecurityGroupIngress",
    },
    "DataSecurityGroupfromSnapshotNetworkEicEndpointSecurityGroup6228D49F5432DD7C4965": {
      "Properties": {
        "Description": "Allow inbound from EIC Endpoint SG on PostgreSQL port",
        "FromPort": 5432,
        "GroupId": {
          "Fn::GetAtt": [
            "DataSecurityGroup80B4589A",
            "GroupId",
          ],
        },
        "IpProtocol": "tcp",
        "SourceSecurityGroupId": {
          "Fn::GetAtt": [
            "EicEndpointSecurityGroup16D4F7FE",
            "GroupId",
          ],
        },
        "ToPort": 5432,
      },
      "Type": "AWS::EC2::SecurityGroupIngress",
    },
    "EcsServiceSecurityGroupCD98B82C": {
      "Properties": {
        "GroupDescription": "Security group for ECS Fargate services",
        "SecurityGroupEgress": [
          {
            "CidrIp": "0.0.0.0/0",
            "Description": "Allow outbound HTTPS for ECR image pulls via NAT",
            "FromPort": 443,
            "IpProtocol": "tcp",
            "ToPort": 443,
          },
        ],
        "VpcId": {
          "Ref": "Vpc8378EB38",
        },
      },
      "Type": "AWS::EC2::SecurityGroup",
    },
    "EcsServiceSecurityGroupfromSnapshotNetworkAlbSecurityGroup6F603702300021D3872C": {
      "Properties": {
        "Description": "Allow inbound from ALB on application port",
        "FromPort": 3000,
        "GroupId": {
          "Fn::GetAtt": [
            "EcsServiceSecurityGroupCD98B82C",
            "GroupId",
          ],
        },
        "IpProtocol": "tcp",
        "SourceSecurityGroupId": {
          "Fn::GetAtt": [
            "AlbSecurityGroup86A59E99",
            "GroupId",
          ],
        },
        "ToPort": 3000,
      },
      "Type": "AWS::EC2::SecurityGroupIngress",
    },
    "EcsServiceSecurityGrouptoSnapshotNetworkDataSecurityGroup2CFD1042543284E45757": {
      "Properties": {
        "Description": "Allow outbound to data SG on PostgreSQL port",
        "DestinationSecurityGroupId": {
          "Fn::GetAtt": [
            "DataSecurityGroup80B4589A",
            "GroupId",
          ],
        },
        "FromPort": 5432,
        "GroupId": {
          "Fn::GetAtt": [
            "EcsServiceSecurityGroupCD98B82C",
            "GroupId",
          ],
        },
        "IpProtocol": "tcp",
        "ToPort": 5432,
      },
      "Type": "AWS::EC2::SecurityGroupEgress",
    },
    "EcsServiceSecurityGrouptoSnapshotNetworkDataSecurityGroup2CFD1042637972BA72B3": {
      "Properties": {
        "Description": "Allow outbound to data SG on Redis port",
        "DestinationSecurityGroupId": {
          "Fn::GetAtt": [
            "DataSecurityGroup80B4589A",
            "GroupId",
          ],
        },
        "FromPort": 6379,
        "GroupId": {
          "Fn::GetAtt": [
            "EcsServiceSecurityGroupCD98B82C",
            "GroupId",
          ],
        },
        "IpProtocol": "tcp",
        "ToPort": 6379,
      },
      "Type": "AWS::EC2::SecurityGroupEgress",
    },
    "EicEndpoint": {
      "Properties": {
        "PreserveClientIp": false,
        "SecurityGroupIds": [
          {
            "Fn::GetAtt": [
              "EicEndpointSecurityGroup16D4F7FE",
              "GroupId",
            ],
          },
        ],
        "SubnetId": {
          "Ref": "VpcPrivateSubnet1Subnet536B997A",
        },
      },
      "Type": "AWS::EC2::InstanceConnectEndpoint",
    },
    "EicEndpointSecurityGroup16D4F7FE": {
      "Properties": {
        "GroupDescription": "Security group for EC2 Instance Connect Endpoint",
        "VpcId": {
          "Ref": "Vpc8378EB38",
        },
      },
      "Type": "AWS::EC2::SecurityGroup",
    },
    "EicEndpointSecurityGrouptoSnapshotNetworkDataSecurityGroup2CFD1042543275D45B8B": {
      "Properties": {
        "Description": "Allow outbound to data SG on PostgreSQL port",
        "DestinationSecurityGroupId": {
          "Fn::GetAtt": [
            "DataSecurityGroup80B4589A",
            "GroupId",
          ],
        },
        "FromPort": 5432,
        "GroupId": {
          "Fn::GetAtt": [
            "EicEndpointSecurityGroup16D4F7FE",
            "GroupId",
          ],
        },
        "IpProtocol": "tcp",
        "ToPort": 5432,
      },
      "Type": "AWS::EC2::SecurityGroupEgress",
    },
    "Vpc8378EB38": {
      "Properties": {
        "CidrBlock": "10.0.0.0/16",
        "EnableDnsHostnames": true,
        "EnableDnsSupport": true,
        "InstanceTenancy": "default",
        "Tags": [
          {
            "Key": "Name",
            "Value": "SnapshotNetwork/Vpc",
          },
        ],
      },
      "Type": "AWS::EC2::VPC",
    },
    "VpcDataSubnet1RouteTable8A39B5EF": {
      "Properties": {
        "Tags": [
          {
            "Key": "Name",
            "Value": "SnapshotNetwork/Vpc/DataSubnet1",
          },
        ],
        "VpcId": {
          "Ref": "Vpc8378EB38",
        },
      },
      "Type": "AWS::EC2::RouteTable",
    },
    "VpcDataSubnet1RouteTableAssociationCD7515ED": {
      "Properties": {
        "RouteTableId": {
          "Ref": "VpcDataSubnet1RouteTable8A39B5EF",
        },
        "SubnetId": {
          "Ref": "VpcDataSubnet1Subnet8E3CA4ED",
        },
      },
      "Type": "AWS::EC2::SubnetRouteTableAssociation",
    },
    "VpcDataSubnet1Subnet8E3CA4ED": {
      "Properties": {
        "AvailabilityZone": {
          "Fn::Join": [
            "",
            [
              {
                "Ref": "AWS::Region",
              },
              "a",
            ],
          ],
        },
        "CidrBlock": "10.0.4.0/24",
        "MapPublicIpOnLaunch": false,
        "Tags": [
          {
            "Key": "aws-cdk:subnet-name",
            "Value": "Data",
          },
          {
            "Key": "aws-cdk:subnet-type",
            "Value": "Isolated",
          },
          {
            "Key": "Name",
            "Value": "SnapshotNetwork/Vpc/DataSubnet1",
          },
        ],
        "VpcId": {
          "Ref": "Vpc8378EB38",
        },
      },
      "Type": "AWS::EC2::Subnet",
    },
    "VpcDataSubnet2RouteTableAssociationF6BF0EC9": {
      "Properties": {
        "RouteTableId": {
          "Ref": "VpcDataSubnet2RouteTableB4F85DDC",
        },
        "SubnetId": {
          "Ref": "VpcDataSubnet2Subnet25D1B0F6",
        },
      },
      "Type": "AWS::EC2::SubnetRouteTableAssociation",
    },
    "VpcDataSubnet2RouteTableB4F85DDC": {
      "Properties": {
        "Tags": [
          {
            "Key": "Name",
            "Value": "SnapshotNetwork/Vpc/DataSubnet2",
          },
        ],
        "VpcId": {
          "Ref": "Vpc8378EB38",
        },
      },
      "Type": "AWS::EC2::RouteTable",
    },
    "VpcDataSubnet2Subnet25D1B0F6": {
      "Properties": {
        "AvailabilityZone": {
          "Fn::Join": [
            "",
            [
              {
                "Ref": "AWS::Region",
              },
              "b",
            ],
          ],
        },
        "CidrBlock": "10.0.5.0/24",
        "MapPublicIpOnLaunch": false,
        "Tags": [
          {
            "Key": "aws-cdk:subnet-name",
            "Value": "Data",
          },
          {
            "Key": "aws-cdk:subnet-type",
            "Value": "Isolated",
          },
          {
            "Key": "Name",
            "Value": "SnapshotNetwork/Vpc/DataSubnet2",
          },
        ],
        "VpcId": {
          "Ref": "Vpc8378EB38",
        },
      },
      "Type": "AWS::EC2::Subnet",
    },
    "VpcFlowLog8FF33A73": {
      "Properties": {
        "DeliverLogsPermissionArn": {
          "Fn::GetAtt": [
            "VpcFlowLogIAMRole6A475D41",
            "Arn",
          ],
        },
        "LogDestinationType": "cloud-watch-logs",
        "LogGroupName": {
          "Ref": "VpcFlowLogGroup86559C69",
        },
        "ResourceId": {
          "Ref": "Vpc8378EB38",
        },
        "ResourceType": "VPC",
        "Tags": [
          {
            "Key": "Name",
            "Value": "SnapshotNetwork/Vpc/FlowLog",
          },
        ],
        "TrafficType": "ALL",
      },
      "Type": "AWS::EC2::FlowLog",
    },
    "VpcFlowLogGroup86559C69": {
      "DeletionPolicy": "Delete",
      "Properties": {
        "RetentionInDays": 30,
      },
      "Type": "AWS::Logs::LogGroup",
      "UpdateReplacePolicy": "Delete",
    },
    "VpcFlowLogIAMRole6A475D41": {
      "Properties": {
        "AssumeRolePolicyDocument": {
          "Statement": [
            {
              "Action": "sts:AssumeRole",
              "Effect": "Allow",
              "Principal": {
                "Service": "vpc-flow-logs.amazonaws.com",
              },
            },
          ],
          "Version": "2012-10-17",
        },
        "Tags": [
          {
            "Key": "Name",
            "Value": "SnapshotNetwork/Vpc/FlowLog",
          },
        ],
      },
      "Type": "AWS::IAM::Role",
    },
    "VpcFlowLogIAMRoleDefaultPolicy406FB995": {
      "Properties": {
        "PolicyDocument": {
          "Statement": [
            {
              "Action": [
                "logs:CreateLogStream",
                "logs:PutLogEvents",
                "logs:DescribeLogStreams",
              ],
              "Effect": "Allow",
              "Resource": {
                "Fn::GetAtt": [
                  "VpcFlowLogGroup86559C69",
                  "Arn",
                ],
              },
            },
          ],
          "Version": "2012-10-17",
        },
        "PolicyName": "VpcFlowLogIAMRoleDefaultPolicy406FB995",
        "Roles": [
          {
            "Ref": "VpcFlowLogIAMRole6A475D41",
          },
        ],
      },
      "Type": "AWS::IAM::Policy",
    },
    "VpcIGWD7BA715C": {
      "Properties": {
        "Tags": [
          {
            "Key": "Name",
            "Value": "SnapshotNetwork/Vpc",
          },
        ],
      },
      "Type": "AWS::EC2::InternetGateway",
    },
    "VpcPrivateSubnet1DefaultRouteBE02A9ED": {
      "Properties": {
        "DestinationCidrBlock": "0.0.0.0/0",
        "NatGatewayId": {
          "Ref": "VpcPublicSubnet1NATGateway4D7517AA",
        },
        "RouteTableId": {
          "Ref": "VpcPrivateSubnet1RouteTableB2C5B500",
        },
      },
      "Type": "AWS::EC2::Route",
    },
    "VpcPrivateSubnet1RouteTableAssociation70C59FA6": {
      "Properties": {
        "RouteTableId": {
          "Ref": "VpcPrivateSubnet1RouteTableB2C5B500",
        },
        "SubnetId": {
          "Ref": "VpcPrivateSubnet1Subnet536B997A",
        },
      },
      "Type": "AWS::EC2::SubnetRouteTableAssociation",
    },
    "VpcPrivateSubnet1RouteTableB2C5B500": {
      "Properties": {
        "Tags": [
          {
            "Key": "Name",
            "Value": "SnapshotNetwork/Vpc/PrivateSubnet1",
          },
        ],
        "VpcId": {
          "Ref": "Vpc8378EB38",
        },
      },
      "Type": "AWS::EC2::RouteTable",
    },
    "VpcPrivateSubnet1Subnet536B997A": {
      "Properties": {
        "AvailabilityZone": {
          "Fn::Join": [
            "",
            [
              {
                "Ref": "AWS::Region",
              },
              "a",
            ],
          ],
        },
        "CidrBlock": "10.0.2.0/24",
        "MapPublicIpOnLaunch": false,
        "Tags": [
          {
            "Key": "aws-cdk:subnet-name",
            "Value": "Private",
          },
          {
            "Key": "aws-cdk:subnet-type",
            "Value": "Private",
          },
          {
            "Key": "Name",
            "Value": "SnapshotNetwork/Vpc/PrivateSubnet1",
          },
        ],
        "VpcId": {
          "Ref": "Vpc8378EB38",
        },
      },
      "Type": "AWS::EC2::Subnet",
    },
    "VpcPrivateSubnet2DefaultRoute060D2087": {
      "Properties": {
        "DestinationCidrBlock": "0.0.0.0/0",
        "NatGatewayId": {
          "Ref": "VpcPublicSubnet1NATGateway4D7517AA",
        },
        "RouteTableId": {
          "Ref": "VpcPrivateSubnet2RouteTableA678073B",
        },
      },
      "Type": "AWS::EC2::Route",
    },
    "VpcPrivateSubnet2RouteTableA678073B": {
      "Properties": {
        "Tags": [
          {
            "Key": "Name",
            "Value": "SnapshotNetwork/Vpc/PrivateSubnet2",
          },
        ],
        "VpcId": {
          "Ref": "Vpc8378EB38",
        },
      },
      "Type": "AWS::EC2::RouteTable",
    },
    "VpcPrivateSubnet2RouteTableAssociationA89CAD56": {
      "Properties": {
        "RouteTableId": {
          "Ref": "VpcPrivateSubnet2RouteTableA678073B",
        },
        "SubnetId": {
          "Ref": "VpcPrivateSubnet2Subnet3788AAA1",
        },
      },
      "Type": "AWS::EC2::SubnetRouteTableAssociation",
    },
    "VpcPrivateSubnet2Subnet3788AAA1": {
      "Properties": {
        "AvailabilityZone": {
          "Fn::Join": [
            "",
            [
              {
                "Ref": "AWS::Region",
              },
              "b",
            ],
          ],
        },
        "CidrBlock": "10.0.3.0/24",
        "MapPublicIpOnLaunch": false,
        "Tags": [
          {
            "Key": "aws-cdk:subnet-name",
            "Value": "Private",
          },
          {
            "Key": "aws-cdk:subnet-type",
            "Value": "Private",
          },
          {
            "Key": "Name",
            "Value": "SnapshotNetwork/Vpc/PrivateSubnet2",
          },
        ],
        "VpcId": {
          "Ref": "Vpc8378EB38",
        },
      },
      "Type": "AWS::EC2::Subnet",
    },
    "VpcPublicSubnet1DefaultRoute3DA9E72A": {
      "DependsOn": [
        "VpcVPCGWBF912B6E",
      ],
      "Properties": {
        "DestinationCidrBlock": "0.0.0.0/0",
        "GatewayId": {
          "Ref": "VpcIGWD7BA715C",
        },
        "RouteTableId": {
          "Ref": "VpcPublicSubnet1RouteTable6C95E38E",
        },
      },
      "Type": "AWS::EC2::Route",
    },
    "VpcPublicSubnet1EIPD7E02669": {
      "Properties": {
        "Domain": "vpc",
        "Tags": [
          {
            "Key": "Name",
            "Value": "SnapshotNetwork/Vpc/PublicSubnet1",
          },
        ],
      },
      "Type": "AWS::EC2::EIP",
    },
    "VpcPublicSubnet1NATGateway4D7517AA": {
      "DependsOn": [
        "VpcPublicSubnet1DefaultRoute3DA9E72A",
        "VpcPublicSubnet1RouteTableAssociation97140677",
      ],
      "Properties": {
        "AllocationId": {
          "Fn::GetAtt": [
            "VpcPublicSubnet1EIPD7E02669",
            "AllocationId",
          ],
        },
        "SubnetId": {
          "Ref": "VpcPublicSubnet1Subnet5C2D37C4",
        },
        "Tags": [
          {
            "Key": "Name",
            "Value": "SnapshotNetwork/Vpc/PublicSubnet1",
          },
        ],
      },
      "Type": "AWS::EC2::NatGateway",
    },
    "VpcPublicSubnet1RouteTable6C95E38E": {
      "Properties": {
        "Tags": [
          {
            "Key": "Name",
            "Value": "SnapshotNetwork/Vpc/PublicSubnet1",
          },
        ],
        "VpcId": {
          "Ref": "Vpc8378EB38",
        },
      },
      "Type": "AWS::EC2::RouteTable",
    },
    "VpcPublicSubnet1RouteTableAssociation97140677": {
      "Properties": {
        "RouteTableId": {
          "Ref": "VpcPublicSubnet1RouteTable6C95E38E",
        },
        "SubnetId": {
          "Ref": "VpcPublicSubnet1Subnet5C2D37C4",
        },
      },
      "Type": "AWS::EC2::SubnetRouteTableAssociation",
    },
    "VpcPublicSubnet1Subnet5C2D37C4": {
      "Properties": {
        "AvailabilityZone": {
          "Fn::Join": [
            "",
            [
              {
                "Ref": "AWS::Region",
              },
              "a",
            ],
          ],
        },
        "CidrBlock": "10.0.0.0/24",
        "MapPublicIpOnLaunch": true,
        "Tags": [
          {
            "Key": "aws-cdk:subnet-name",
            "Value": "Public",
          },
          {
            "Key": "aws-cdk:subnet-type",
            "Value": "Public",
          },
          {
            "Key": "Name",
            "Value": "SnapshotNetwork/Vpc/PublicSubnet1",
          },
        ],
        "VpcId": {
          "Ref": "Vpc8378EB38",
        },
      },
      "Type": "AWS::EC2::Subnet",
    },
    "VpcPublicSubnet2DefaultRoute97F91067": {
      "DependsOn": [
        "VpcVPCGWBF912B6E",
      ],
      "Properties": {
        "DestinationCidrBlock": "0.0.0.0/0",
        "GatewayId": {
          "Ref": "VpcIGWD7BA715C",
        },
        "RouteTableId": {
          "Ref": "VpcPublicSubnet2RouteTable94F7E489",
        },
      },
      "Type": "AWS::EC2::Route",
    },
    "VpcPublicSubnet2RouteTable94F7E489": {
      "Properties": {
        "Tags": [
          {
            "Key": "Name",
            "Value": "SnapshotNetwork/Vpc/PublicSubnet2",
          },
        ],
        "VpcId": {
          "Ref": "Vpc8378EB38",
        },
      },
      "Type": "AWS::EC2::RouteTable",
    },
    "VpcPublicSubnet2RouteTableAssociationDD5762D8": {
      "Properties": {
        "RouteTableId": {
          "Ref": "VpcPublicSubnet2RouteTable94F7E489",
        },
        "SubnetId": {
          "Ref": "VpcPublicSubnet2Subnet691E08A3",
        },
      },
      "Type": "AWS::EC2::SubnetRouteTableAssociation",
    },
    "VpcPublicSubnet2Subnet691E08A3": {
      "Properties": {
        "AvailabilityZone": {
          "Fn::Join": [
            "",
            [
              {
                "Ref": "AWS::Region",
              },
              "b",
            ],
          ],
        },
        "CidrBlock": "10.0.1.0/24",
        "MapPublicIpOnLaunch": true,
        "Tags": [
          {
            "Key": "aws-cdk:subnet-name",
            "Value": "Public",
          },
          {
            "Key": "aws-cdk:subnet-type",
            "Value": "Public",
          },
          {
            "Key": "Name",
            "Value": "SnapshotNetwork/Vpc/PublicSubnet2",
          },
        ],
        "VpcId": {
          "Ref": "Vpc8378EB38",
        },
      },
      "Type": "AWS::EC2::Subnet",
    },
    "VpcVPCGWBF912B6E": {
      "Properties": {
        "InternetGatewayId": {
          "Ref": "VpcIGWD7BA715C",
        },
        "VpcId": {
          "Ref": "Vpc8378EB38",
        },
      },
      "Type": "AWS::EC2::VPCGatewayAttachment",
    },
  },
  "Rules": {
    "CheckBootstrapVersion": {
      "Assertions": [
        {
          "Assert": {
            "Fn::Not": [
              {
                "Fn::Contains": [
                  [
                    "1",
                    "2",
                    "3",
                    "4",
                    "5",
                  ],
                  {
                    "Ref": "BootstrapVersion",
                  },
                ],
              },
            ],
          },
          "AssertDescription": "CDK bootstrap stack version 6 required. Please run 'cdk bootstrap' with a recent version of the CDK CLI.",
        },
      ],
    },
  },
}
`;
